┌ Warning: Error requiring `Polyhedra` from `LazySets.EmptySetModule`
│   exception =
│    LoadError: UndefVarError: `LazySets` not defined in `LazySets.EmptySetModule`
│    Suggestion: check for spelling errors or missing imports.
│    Hint: LazySets is loaded but not imported in the active module Main.
│    Stacktrace:
│      [1] include(mapexpr::Function, mod::Module, _path::String)
│        @ Base ./Base.jl:307
│      [2] top-level scope
│        @ ~/.julia/packages/Requires/1eCOK/src/Requires.jl:40
│      [3] eval(m::Module, e::Any)
│        @ Core ./boot.jl:489
│      [4] EvalInto
│        @ ./boot.jl:494 [inlined]
│      [5] (::LazySets.EmptySetModule.var"#__init__##10#__init__##11")()
│        @ LazySets.EmptySetModule ~/.julia/packages/Requires/1eCOK/src/require.jl:101
│      [6] macro expansion
│        @ ./timing.jl:461 [inlined]
│      [7] err(f::Any, listener::Module, modname::String, file::String, line::Any)
│        @ Requires ~/.julia/packages/Requires/1eCOK/src/require.jl:47
│      [8] (::LazySets.EmptySetModule.var"#__init__##8#__init__##9")()
│        @ LazySets.EmptySetModule ~/.julia/packages/Requires/1eCOK/src/require.jl:100
│      [9] withpath(f::Any, path::String)
│        @ Requires ~/.julia/packages/Requires/1eCOK/src/require.jl:37
│     [10] (::LazySets.EmptySetModule.var"#__init__##6#__init__##7")()
│        @ LazySets.EmptySetModule ~/.julia/packages/Requires/1eCOK/src/require.jl:99
│     [11] listenpkg(f::Any, pkg::Base.PkgId)
│        @ Requires ~/.julia/packages/Requires/1eCOK/src/require.jl:20
│     [12] macro expansion
│        @ ~/.julia/packages/Requires/1eCOK/src/require.jl:98 [inlined]
│     [13] __init__()
│        @ LazySets.EmptySetModule ~/.julia/packages/LazySets/TGByG/src/Sets/EmptySet/init.jl:3
│     [14] run_module_init(mod::Module, i::Int64)
│        @ Base ./loading.jl:1440
│     [15] register_restored_modules(sv::Core.SimpleVector, pkg::Base.PkgId, path::String)
│        @ Base ./loading.jl:1428
│     [16] _include_from_serialized(pkg::Base.PkgId, path::String, ocachepath::String, depmods::Vector{Any}; register::Bool)
│        @ Base ./loading.jl:1316
│     [17] _include_from_serialized
│        @ ./loading.jl:1271 [inlined]
│     [18] _require_search_from_serialized(pkg::Base.PkgId, sourcepath::String, build_id::UInt128, stalecheck::Bool; reasons::Dict{String, Int64}, DEPOT_PATH::Vector{String})
│        @ Base ./loading.jl:2099
│     [19] _require_search_from_serialized
│        @ ./loading.jl:2006 [inlined]
│     [20] __require_prelocked(pkg::Base.PkgId, env::String)
│        @ Base ./loading.jl:2624
│     [21] _require_prelocked(uuidkey::Base.PkgId, env::String)
│        @ Base ./loading.jl:2490
│     [22] macro expansion
│        @ ./loading.jl:2418 [inlined]
│     [23] macro expansion
│        @ ./lock.jl:376 [inlined]
│     [24] __require(into::Module, mod::Symbol)
│        @ Base ./loading.jl:2383
│     [25] require(into::Module, mod::Symbol)
│        @ Base ./loading.jl:2359
│     [26] top-level scope
│        @ /home/users/j/c/jcalbert/.julia/juliaup/julia-1.12.2+0.x64.linux.gnu/share/julia/stdlib/v1.12/Distributed/src/macros.jl:197
│     [27] top-level scope
│        @ /home/users/j/c/jcalbert/.julia/juliaup/julia-1.12.2+0.x64.linux.gnu/share/julia/stdlib/v1.12/Distributed/src/macros.jl:203
│     [28] include(mod::Module, _path::String)
│        @ Base ./Base.jl:306
│     [29] exec_options(opts::Base.JLOptions)
│        @ Base ./client.jl:317
│     [30] _start()
│        @ Base ./client.jl:550
│    in expression starting at /home/ucl/inma/jcalbert/.julia/packages/LazySets/TGByG/src/Sets/EmptySet/init_Polyhedra.jl:2
└ @ Requires ~/.julia/packages/Requires/1eCOK/src/require.jl:51
┌ Info: Starting Julia distributed abstraction
│   model = "6D"
│   nworkers = 10
│   nparts = 10
│   partition_strategy = :contiguous
│   threaded_per_worker = false
│   simplify = 1.0
└   tstep = 0.1
[ Info: Number of states: 84672
[ Info: Number of inputs: 294
[ Info: Number of forward images: 24893568
┌ Warning: Noise is not yet accounted for in system abstraction.
└ @ Dionysos.Optim.Abstraction.UniformGridAbstraction /home/users/j/c/jcalbert/GitHub/Dionysos.jl/src/optim/continuous_systems/UniformGridAbstraction/alternating_simulation_problem.jl:651
┌ Info: Starting distributed abstraction
│   nprocs = 10
│   nparts = 10
│   partition_strategy = :contiguous
│   threaded_per_worker = false
└   master_nthreads = 1
srun: Job step aborted: Waiting up to 302 seconds for job step to finish.
slurmstepd: error: *** JOB 6876678 ON lm4-w002 CANCELLED AT 2026-05-18T19:57:01 ***
slurmstepd: error: *** STEP 6876678.0 ON lm4-w002 CANCELLED AT 2026-05-18T19:57:01 ***

[610988] signal 15: Terminated
in expression starting at /home/users/j/c/jcalbert/GitHub/Dionysos.jl/problems/BipedRobot/execution/julia_distributed/run_abstraction.jl:62
pthread_cond_wait at /lib64/libpthread.so.0 (unknown line)
uv_cond_wait at /workspace/srcdir/libuv/src/unix/thread.c:822
ijl_task_get_next at /cache/build/builder-amdci5-2/julialang/julia-release-1-dot-12/src/scheduler.c:523
poptask at ./task.jl:1216
wait at ./task.jl:1228
#wait#398 at ./condition.jl:141
wait at ./condition.jl:136 [inlined]
_trywait at ./asyncevent.jl:185
profile_printing_listener at ./Base.jl:332
#start_profile_listener##0 at ./Base.jl:352
jfptr_YY.start_profile_listenerYY.YY.0_7469.1 at /home/users/j/c/jcalbert/.julia/juliaup/julia-1.12.2+0.x64.linux.gnu/lib/julia/sys.so (unknown line)
jl_apply at /cache/build/builder-amdci5-2/julialang/julia-release-1-dot-12/src/julia.h:2391 [inlined]
start_task at /cache/build/builder-amdci5-2/julialang/julia-release-1-dot-12/src/task.c:1249
unknown function (ip: (nil)) at (unknown file)
epoll_pwait at /lib64/libc.so.6 (unknown line)
uv__io_poll at /workspace/srcdir/libuv/src/unix/linux.c:1404
uv_run at /workspace/srcdir/libuv/src/unix/core.c:430
ijl_task_get_next at /cache/build/builder-amdci5-2/julialang/julia-release-1-dot-12/src/scheduler.c:457
poptask at ./task.jl:1216
wait at ./task.jl:1228
#wait#398 at ./condition.jl:141
wait at ./condition.jl:136 [inlined]
fetch_buffered at ./channels.jl:486
fetch at ./channels.jl:480
unknown function (ip: 0x149a40f1d5b2) at (unknown file)
#remotecall_wait#115 at /cache/build/builder-amdci5-2/julialang/julia-release-1-dot-12/usr/share/julia/stdlib/v1.12/Distributed/src/remotecall.jl:503
remotecall_wait at /cache/build/builder-amdci5-2/julialang/julia-release-1-dot-12/usr/share/julia/stdlib/v1.12/Distributed/src/remotecall.jl:497 [inlined]
#remotecall_wait#119 at /cache/build/builder-amdci5-2/julialang/julia-release-1-dot-12/usr/share/julia/stdlib/v1.12/Distributed/src/remotecall.jl:519 [inlined]
remotecall_wait at /cache/build/builder-amdci5-2/julialang/julia-release-1-dot-12/usr/share/julia/stdlib/v1.12/Distributed/src/remotecall.jl:519 [inlined]
#init_abstraction_workers!#58 at /home/users/j/c/jcalbert/GitHub/Dionysos.jl/src/symbolic/grid_based_symbolic_model/julia_distributed_backend.jl:203
init_abstraction_workers! at /home/users/j/c/jcalbert/GitHub/Dionysos.jl/src/symbolic/grid_based_symbolic_model/julia_distributed_backend.jl:186 [inlined]
#collect_abstract_transitions_distributed#60 at /home/users/j/c/jcalbert/GitHub/Dionysos.jl/src/symbolic/grid_based_symbolic_model/julia_distributed_backend.jl:291
collect_abstract_transitions_distributed at /home/users/j/c/jcalbert/GitHub/Dionysos.jl/src/symbolic/grid_based_symbolic_model/julia_distributed_backend.jl:262 [inlined]
#compute_abstract_system_distributed!#59 at /home/users/j/c/jcalbert/GitHub/Dionysos.jl/src/symbolic/grid_based_symbolic_model/julia_distributed_backend.jl:243
compute_abstract_system_distributed! at /home/users/j/c/jcalbert/GitHub/Dionysos.jl/src/symbolic/grid_based_symbolic_model/julia_distributed_backend.jl:218
unknown function (ip: 0x1499d063df9b) at (unknown file)
#compute_abstract_system_from_concrete_system!#54 at /home/users/j/c/jcalbert/GitHub/Dionysos.jl/src/symbolic/grid_based_symbolic_model/julia_distributed_backend.jl:49
compute_abstract_system_from_concrete_system! at /home/users/j/c/jcalbert/GitHub/Dionysos.jl/src/symbolic/grid_based_symbolic_model/julia_distributed_backend.jl:36 [inlined]
#compute_abstract_system_from_concrete_system!#18 at /home/users/j/c/jcalbert/GitHub/Dionysos.jl/src/symbolic/grid_based_symbolic_model/execution_backend.jl:127 [inlined]
compute_abstract_system_from_concrete_system! at /home/users/j/c/jcalbert/GitHub/Dionysos.jl/src/symbolic/grid_based_symbolic_model/execution_backend.jl:121
unknown function (ip: 0x1499d063d9fd) at (unknown file)
optimize! at /home/users/j/c/jcalbert/GitHub/Dionysos.jl/src/optim/continuous_systems/UniformGridAbstraction/alternating_simulation_problem.jl:711
optimize! at /home/users/j/c/jcalbert/GitHub/Dionysos.jl/src/optim/continuous_systems/UniformGridAbstraction/uniform_grid_abstraction.jl:273
unknown function (ip: 0x1499d062b602) at (unknown file)
top-level scope at ./timing.jl:461
jl_toplevel_eval_flex at /cache/build/builder-amdci5-2/julialang/julia-release-1-dot-12/src/toplevel.c:1024
jl_toplevel_eval_flex at /cache/build/builder-amdci5-2/julialang/julia-release-1-dot-12/src/toplevel.c:975
ijl_toplevel_eval at /cache/build/builder-amdci5-2/julialang/julia-release-1-dot-12/src/toplevel.c:1047
ijl_toplevel_eval_in at /cache/build/builder-amdci5-2/julialang/julia-release-1-dot-12/src/toplevel.c:1092
eval at ./boot.jl:489
include_string at ./loading.jl:2867
_include at ./loading.jl:2927
include at ./Base.jl:306
exec_options at ./client.jl:317
_start at ./client.jl:550
jfptr__start_47004.1 at /home/users/j/c/jcalbert/.julia/juliaup/julia-1.12.2+0.x64.linux.gnu/lib/julia/sys.so (unknown line)
jl_apply at /cache/build/builder-amdci5-2/julialang/julia-release-1-dot-12/src/julia.h:2391 [inlined]
true_main at /cache/build/builder-amdci5-2/julialang/julia-release-1-dot-12/src/jlapi.c:971
jl_repl_entrypoint at /cache/build/builder-amdci5-2/julialang/julia-release-1-dot-12/src/jlapi.c:1139
main at /cache/build/builder-amdci5-2/julialang/julia-release-1-dot-12/cli/loader_exe.c:58
__libc_start_main at /lib64/libc.so.6 (unknown line)
unknown function (ip: 0x4010b8) at /workspace/srcdir/glibc-2.17/csu/../sysdeps/x86_64/start.S
unknown function (ip: (nil)) at (unknown file)
Allocations: 43817014 (Pool: 43814502; Big: 2512); GC: 18
